
> frontend@0.1.0 build
> next build

Γû▓ Next.js 16.1.6 (Turbopack)

  Creating an optimized production build ...
node.exe : 
At line:1 char:1
+ & "C:\Program File
s\nodejs/node.exe" 
"C:\Program Files\no
dejs/node_mo ...
+ ~~~~~~~~~~~~~~~~~~
~~~~~~~~~~~~~~~~~~~~
~~~~~~~~~~~~~~~~~~~~
~~~~~~~~~~~
    + CategoryInfo  
            : NotS  
  pecified: (:Str   
 ing) [], Remote    
Exception
    + FullyQualifie 
   dErrorId : Nati  
  veCommandError
 
> Build error 
occurred
Error: Turbopack 
build failed with 1 
errors:
./src/app/layout.tsx
:20:18
Parsing ecmascript 
source code failed
[0m [90m 18 
|[39m })[33m;[39m
 [90m 19 |[39m
[31m[1m>[22m[39m
[90m 20 |[39m 
[36mconst[39m 
[33mAPI_BASE[39m 
[33m=[39m 
[32m"\";[39m
 [90m    |[39m    
              [31m
[1m^[22m[39m[31m
[1m^[22m[39m[31m
[1m^[22m[39m[31m
[1m^[22m[39m
 [90m 21 |[39m
 [90m 22 |[39m 
[36mexport[39m 
[36mdefault[39m 
[36mfunction[39m 
[33mRootLayout[39m(
{
 [90m 23 |[39m   c
hildren[33m,[39m[
0m

Unterminated string 
constant


    at <unknown> (./
src/app/layout.tsx:2
0:18)
